---
source: tests/snapshots.rs
expression: output
---
success = false
stdout = ''
stderr = '''
Error:   × illegal call to function `println` with tainted values
   ╭─[taint_array_fail2.rice:8:3]
 7 │   let a = [1] in
 8 │   println(int_to_string(a[secure()]))
   ·   ───────────────────────────────────
 9 │ }
   ╰────

'''
